Distributing 1 tasks across 1 nodes with 2 cores
Used 1 nodes
0: rank=0 ntasks=1 basis=0
