Distributing 8 tasks across 8 nodes with 8 cores
Used 8 nodes
0: rank=0 ntasks=1 basis=0
1: rank=1 ntasks=1 basis=1
2: rank=2 ntasks=1 basis=2
3: rank=3 ntasks=1 basis=3
4: rank=4 ntasks=1 basis=4
5: rank=5 ntasks=1 basis=5
6: rank=6 ntasks=1 basis=6
7: rank=7 ntasks=1 basis=7
